[preview.cruip.com/neon/index.html]
[backblue.gif]
[fade.gif]
[index.html]
[preview.cruip.com/neon/index-2.html]
[preview.cruip.com/neon/css/style.css]
[preview.cruip.com/neon/images/logo.svg]
[preview.cruip.com/neon/additional.html]
[preview.cruip.com/neon/signup.html]
[preview.cruip.com/neon/images/clients-01.svg]
[preview.cruip.com/neon/images/clients-02.svg]
[preview.cruip.com/neon/images/clients-03.svg]
[preview.cruip.com/neon/images/clients-04.svg]
[preview.cruip.com/neon/images/feature-tile-icon-02.svg]
[preview.cruip.com/neon/images/feature-tile-icon-03.svg]
[preview.cruip.com/neon/images/feature-tile-icon-04.svg]
[preview.cruip.com/neon/images/feature-tile-icon-05.svg]
[preview.cruip.com/neon/images/feature-tile-icon-06.svg]
[preview.cruip.com/neon/index.html]
[preview.cruip.com/neon/js/main.min.js]
[preview.cruip.com/neon/css/style.css]
[preview.cruip.com/neon/index-2.html]
[preview.cruip.com/neon/images/logo.svg]
[preview.cruip.com/neon/images/team-member-01.jpg]
[preview.cruip.com/neon/images/team-member-02.jpg]
[preview.cruip.com/neon/images/illustration-section-01.svg]
[preview.cruip.com/neon/images/illustration-section-02.svg]
[preview.cruip.com/neon/images/team-member-03.jpg]
[preview.cruip.com/neon/additional.html]
[preview.cruip.com/neon/signup.html]
[preview.cruip.com/neon/images/clients-01.svg]
[preview.cruip.com/neon/images/clients-02.svg]
[preview.cruip.com/neon/images/clients-03.svg]
[preview.cruip.com/neon/images/clients-04.svg]
[preview.cruip.com/neon/login.html]
[preview.cruip.com/neon/images/features-split-image-02.svg]
[preview.cruip.com/neon/images/clients-05.svg]
[preview.cruip.com/neon/images/feature-tile-icon-02.svg]
[preview.cruip.com/neon/images/feature-tile-icon-03.svg]
[preview.cruip.com/neon/images/feature-tile-icon-04.svg]
[preview.cruip.com/neon/images/feature-tile-icon-05.svg]
[preview.cruip.com/neon/images/feature-tile-icon-06.svg]
[preview.cruip.com/neon/images/illustration-section-01.svg]
[preview.cruip.com/neon/images/illustration-section-02.svg]
[preview.cruip.com/neon/images/feature-tile-icon-01.svg]
[preview.cruip.com/neon/images/video-placeholder.svg]
[preview.cruip.com/neon/images/image-placeholder.svg]
[preview.cruip.com/neon/images/team-member-05.jpg]
[preview.cruip.com/neon/images/team-member-04.jpg]
[preview.cruip.com/neon/images/team-member-06.jpg]
[preview.cruip.com/neon/images/features-split-image-02.svg]
[preview.cruip.com/neon/images/image-placeholder.svg]
[preview.cruip.com/neon/login.html]
[preview.cruip.com/neon/images/clients-05.svg]
[preview.cruip.com/neon/images/video-placeholder.svg]
[preview.cruip.com/neon/images/feature-tile-icon-01.svg]
[preview.cruip.com/neon/images/features-split-image-01.svg]
[preview.cruip.com/neon/images/features-split-image-01.svg]
